ERROR - 2026-04-29 08:28:49 --> No database selected
in SYSTEMPATH/Database/MySQLi/Connection.php on line 300.
 1 SYSTEMPATH/Database/MySQLi/Connection.php(300): mysqli->query('SELECT `id`, `nom`, `email`, `mdp`
FROM `utilisateur`
WHERE `email` = \'admin@sysinfo.mg\'
 LIMIT 1', 0)
 2 SYSTEMPATH/Database/BaseConnection.php(910): CodeIgniter\Database\MySQLi\Connection->execute('SELECT `id`, `nom`, `email`, `mdp`
FROM `utilisateur`
WHERE `email` = \'admin@sysinfo.mg\'
 LIMIT 1')
 3 SYSTEMPATH/Database/BaseConnection.php(827): CodeIgniter\Database\BaseConnection->simpleQuery('SELECT `id`, `nom`, `email`, `mdp`
FROM `utilisateur`
WHERE `email` = \'admin@sysinfo.mg\'
 LIMIT 1')
 4 SYSTEMPATH/Database/BaseBuilder.php(1649): CodeIgniter\Database\BaseConnection->query('SELECT `id`, `nom`, `email`, `mdp`
FROM `utilisateur`
WHERE `email` = :email:
 LIMIT 1', [...], false)
 5 SYSTEMPATH/Model.php(295): CodeIgniter\Database\BaseBuilder->get()
 6 SYSTEMPATH/BaseModel.php(714): CodeIgniter\Model->doFirst()
 7 APPPATH/Models/UserModel.php(19): CodeIgniter\BaseModel->first()
 8 APPPATH/Models/UserModel.php(26): App\Models\UserModel->findByEmail('admin@sysinfo.mg')
 9 APPPATH/Controllers/LoginController.php(42): App\Models\UserModel->verifyCredentials('admin@sysinfo.mg', 'password')
10 SYSTEMPATH/CodeIgniter.php(951): App\Controllers\LoginController->authenticate()
11 SYSTEMPATH/CodeIgniter.php(497): CodeIgniter\CodeIgniter->runController(Object(App\Controllers\LoginController))
12 SYSTEMPATH/CodeIgniter.php(340): CodeIgniter\CodeIgniter->handleRequest(null, Object(Config\Cache), false)
13 SYSTEMPATH/Boot.php(417): CodeIgniter\CodeIgniter->run()
14 SYSTEMPATH/Boot.php(68): CodeIgniter\Boot::runCodeIgniter(Object(CodeIgniter\CodeIgniter))
15 FCPATH/index.php(59): CodeIgniter\Boot::bootWeb(Object(Config\Paths))
16 SYSTEMPATH/rewrite.php(44): require_once('/opt/lampp/htdocs/ETU4135-ETU4139-ETU4290-Note_matiere/public/index.php')
CRITICAL - 2026-04-29 08:28:49 --> CodeIgniter\Database\Exceptions\DatabaseException: No database selected
[Method: POST, Route: login/authenticate]
in SYSTEMPATH/Database/BaseConnection.php on line 865.
 1 SYSTEMPATH/Database/BaseBuilder.php(1649): CodeIgniter\Database\BaseConnection->query('SELECT `id`, `nom`, `email`, `mdp`
FROM `utilisateur`
WHERE `email` = :email:
 LIMIT 1', [...], false)
 2 SYSTEMPATH/Model.php(295): CodeIgniter\Database\BaseBuilder->get()
 3 SYSTEMPATH/BaseModel.php(714): CodeIgniter\Model->doFirst()
 4 APPPATH/Models/UserModel.php(19): CodeIgniter\BaseModel->first()
 5 APPPATH/Models/UserModel.php(26): App\Models\UserModel->findByEmail('admin@sysinfo.mg')
 6 APPPATH/Controllers/LoginController.php(42): App\Models\UserModel->verifyCredentials('admin@sysinfo.mg', 'password')
 7 SYSTEMPATH/CodeIgniter.php(951): App\Controllers\LoginController->authenticate()
 8 SYSTEMPATH/CodeIgniter.php(497): CodeIgniter\CodeIgniter->runController(Object(App\Controllers\LoginController))
 9 SYSTEMPATH/CodeIgniter.php(340): CodeIgniter\CodeIgniter->handleRequest(null, Object(Config\Cache), false)
10 SYSTEMPATH/Boot.php(417): CodeIgniter\CodeIgniter->run()
11 SYSTEMPATH/Boot.php(68): CodeIgniter\Boot::runCodeIgniter(Object(CodeIgniter\CodeIgniter))
12 FCPATH/index.php(59): CodeIgniter\Boot::bootWeb(Object(Config\Paths))
13 SYSTEMPATH/rewrite.php(44): require_once('/opt/lampp/htdocs/ETU4135-ETU4139-ETU4290-Note_matiere/public/index.php')
CRITICAL - 2026-04-29 08:28:49 --> [Caused by] CodeIgniter\Database\Exceptions\DatabaseException: No database selected
in SYSTEMPATH/Database/MySQLi/Connection.php on line 310.
 1 SYSTEMPATH/Database/BaseConnection.php(910): CodeIgniter\Database\MySQLi\Connection->execute('SELECT `id`, `nom`, `email`, `mdp`
FROM `utilisateur`
WHERE `email` = \'admin@sysinfo.mg\'
 LIMIT 1')
 2 SYSTEMPATH/Database/BaseConnection.php(827): CodeIgniter\Database\BaseConnection->simpleQuery('SELECT `id`, `nom`, `email`, `mdp`
FROM `utilisateur`
WHERE `email` = \'admin@sysinfo.mg\'
 LIMIT 1')
 3 SYSTEMPATH/Database/BaseBuilder.php(1649): CodeIgniter\Database\BaseConnection->query('SELECT `id`, `nom`, `email`, `mdp`
FROM `utilisateur`
WHERE `email` = :email:
 LIMIT 1', [...], false)
 4 SYSTEMPATH/Model.php(295): CodeIgniter\Database\BaseBuilder->get()
 5 SYSTEMPATH/BaseModel.php(714): CodeIgniter\Model->doFirst()
 6 APPPATH/Models/UserModel.php(19): CodeIgniter\BaseModel->first()
 7 APPPATH/Models/UserModel.php(26): App\Models\UserModel->findByEmail('admin@sysinfo.mg')
 8 APPPATH/Controllers/LoginController.php(42): App\Models\UserModel->verifyCredentials('admin@sysinfo.mg', 'password')
 9 SYSTEMPATH/CodeIgniter.php(951): App\Controllers\LoginController->authenticate()
10 SYSTEMPATH/CodeIgniter.php(497): CodeIgniter\CodeIgniter->runController(Object(App\Controllers\LoginController))
11 SYSTEMPATH/CodeIgniter.php(340): CodeIgniter\CodeIgniter->handleRequest(null, Object(Config\Cache), false)
12 SYSTEMPATH/Boot.php(417): CodeIgniter\CodeIgniter->run()
13 SYSTEMPATH/Boot.php(68): CodeIgniter\Boot::runCodeIgniter(Object(CodeIgniter\CodeIgniter))
14 FCPATH/index.php(59): CodeIgniter\Boot::bootWeb(Object(Config\Paths))
15 SYSTEMPATH/rewrite.php(44): require_once('/opt/lampp/htdocs/ETU4135-ETU4139-ETU4290-Note_matiere/public/index.php')
CRITICAL - 2026-04-29 08:28:49 --> [Caused by] mysqli_sql_exception: No database selected
in SYSTEMPATH/Database/MySQLi/Connection.php on line 300.
 1 SYSTEMPATH/Database/MySQLi/Connection.php(300): mysqli->query('SELECT `id`, `nom`, `email`, `mdp`
FROM `utilisateur`
WHERE `email` = \'admin@sysinfo.mg\'
 LIMIT 1', 0)
 2 SYSTEMPATH/Database/BaseConnection.php(910): CodeIgniter\Database\MySQLi\Connection->execute('SELECT `id`, `nom`, `email`, `mdp`
FROM `utilisateur`
WHERE `email` = \'admin@sysinfo.mg\'
 LIMIT 1')
 3 SYSTEMPATH/Database/BaseConnection.php(827): CodeIgniter\Database\BaseConnection->simpleQuery('SELECT `id`, `nom`, `email`, `mdp`
FROM `utilisateur`
WHERE `email` = \'admin@sysinfo.mg\'
 LIMIT 1')
 4 SYSTEMPATH/Database/BaseBuilder.php(1649): CodeIgniter\Database\BaseConnection->query('SELECT `id`, `nom`, `email`, `mdp`
FROM `utilisateur`
WHERE `email` = :email:
 LIMIT 1', [...], false)
 5 SYSTEMPATH/Model.php(295): CodeIgniter\Database\BaseBuilder->get()
 6 SYSTEMPATH/BaseModel.php(714): CodeIgniter\Model->doFirst()
 7 APPPATH/Models/UserModel.php(19): CodeIgniter\BaseModel->first()
 8 APPPATH/Models/UserModel.php(26): App\Models\UserModel->findByEmail('admin@sysinfo.mg')
 9 APPPATH/Controllers/LoginController.php(42): App\Models\UserModel->verifyCredentials('admin@sysinfo.mg', 'password')
10 SYSTEMPATH/CodeIgniter.php(951): App\Controllers\LoginController->authenticate()
11 SYSTEMPATH/CodeIgniter.php(497): CodeIgniter\CodeIgniter->runController(Object(App\Controllers\LoginController))
12 SYSTEMPATH/CodeIgniter.php(340): CodeIgniter\CodeIgniter->handleRequest(null, Object(Config\Cache), false)
13 SYSTEMPATH/Boot.php(417): CodeIgniter\CodeIgniter->run()
14 SYSTEMPATH/Boot.php(68): CodeIgniter\Boot::runCodeIgniter(Object(CodeIgniter\CodeIgniter))
15 FCPATH/index.php(59): CodeIgniter\Boot::bootWeb(Object(Config\Paths))
16 SYSTEMPATH/rewrite.php(44): require_once('/opt/lampp/htdocs/ETU4135-ETU4139-ETU4290-Note_matiere/public/index.php')
ERROR - 2026-04-29 08:28:49 --> No database selected
in SYSTEMPATH/Database/MySQLi/Connection.php on line 300.
 1 SYSTEMPATH/Database/MySQLi/Connection.php(300): mysqli->query('SELECT `id`, `nom`, `email`, `mdp`
FROM `utilisateur`
WHERE `email` = \'admin@sysinfo.mg\'
 LIMIT 1', 0)
 2 SYSTEMPATH/Database/BaseConnection.php(910): CodeIgniter\Database\MySQLi\Connection->execute('SELECT `id`, `nom`, `email`, `mdp`
FROM `utilisateur`
WHERE `email` = \'admin@sysinfo.mg\'
 LIMIT 1')
 3 SYSTEMPATH/Database/BaseConnection.php(827): CodeIgniter\Database\BaseConnection->simpleQuery('SELECT `id`, `nom`, `email`, `mdp`
FROM `utilisateur`
WHERE `email` = \'admin@sysinfo.mg\'
 LIMIT 1')
 4 SYSTEMPATH/Database/BaseBuilder.php(1649): CodeIgniter\Database\BaseConnection->query('SELECT `id`, `nom`, `email`, `mdp`
FROM `utilisateur`
WHERE `email` = :email:
 LIMIT 1', [...], false)
 5 SYSTEMPATH/Model.php(295): CodeIgniter\Database\BaseBuilder->get()
 6 SYSTEMPATH/BaseModel.php(714): CodeIgniter\Model->doFirst()
 7 APPPATH/Models/UserModel.php(19): CodeIgniter\BaseModel->first()
 8 APPPATH/Models/UserModel.php(26): App\Models\UserModel->findByEmail('admin@sysinfo.mg')
 9 APPPATH/Controllers/LoginController.php(42): App\Models\UserModel->verifyCredentials('admin@sysinfo.mg', 'password')
10 SYSTEMPATH/CodeIgniter.php(951): App\Controllers\LoginController->authenticate()
11 SYSTEMPATH/CodeIgniter.php(497): CodeIgniter\CodeIgniter->runController(Object(App\Controllers\LoginController))
12 SYSTEMPATH/CodeIgniter.php(340): CodeIgniter\CodeIgniter->handleRequest(null, Object(Config\Cache), false)
13 SYSTEMPATH/Boot.php(417): CodeIgniter\CodeIgniter->run()
14 SYSTEMPATH/Boot.php(68): CodeIgniter\Boot::runCodeIgniter(Object(CodeIgniter\CodeIgniter))
15 FCPATH/index.php(59): CodeIgniter\Boot::bootWeb(Object(Config\Paths))
16 SYSTEMPATH/rewrite.php(44): require_once('/opt/lampp/htdocs/ETU4135-ETU4139-ETU4290-Note_matiere/public/index.php')
CRITICAL - 2026-04-29 08:28:49 --> CodeIgniter\Database\Exceptions\DatabaseException: No database selected
[Method: POST, Route: login/authenticate]
in SYSTEMPATH/Database/BaseConnection.php on line 865.
 1 SYSTEMPATH/Database/BaseBuilder.php(1649): CodeIgniter\Database\BaseConnection->query('SELECT `id`, `nom`, `email`, `mdp`
FROM `utilisateur`
WHERE `email` = :email:
 LIMIT 1', [...], false)
 2 SYSTEMPATH/Model.php(295): CodeIgniter\Database\BaseBuilder->get()
 3 SYSTEMPATH/BaseModel.php(714): CodeIgniter\Model->doFirst()
 4 APPPATH/Models/UserModel.php(19): CodeIgniter\BaseModel->first()
 5 APPPATH/Models/UserModel.php(26): App\Models\UserModel->findByEmail('admin@sysinfo.mg')
 6 APPPATH/Controllers/LoginController.php(42): App\Models\UserModel->verifyCredentials('admin@sysinfo.mg', 'password')
 7 SYSTEMPATH/CodeIgniter.php(951): App\Controllers\LoginController->authenticate()
 8 SYSTEMPATH/CodeIgniter.php(497): CodeIgniter\CodeIgniter->runController(Object(App\Controllers\LoginController))
 9 SYSTEMPATH/CodeIgniter.php(340): CodeIgniter\CodeIgniter->handleRequest(null, Object(Config\Cache), false)
10 SYSTEMPATH/Boot.php(417): CodeIgniter\CodeIgniter->run()
11 SYSTEMPATH/Boot.php(68): CodeIgniter\Boot::runCodeIgniter(Object(CodeIgniter\CodeIgniter))
12 FCPATH/index.php(59): CodeIgniter\Boot::bootWeb(Object(Config\Paths))
13 SYSTEMPATH/rewrite.php(44): require_once('/opt/lampp/htdocs/ETU4135-ETU4139-ETU4290-Note_matiere/public/index.php')
CRITICAL - 2026-04-29 08:28:49 --> [Caused by] CodeIgniter\Database\Exceptions\DatabaseException: No database selected
in SYSTEMPATH/Database/MySQLi/Connection.php on line 310.
 1 SYSTEMPATH/Database/BaseConnection.php(910): CodeIgniter\Database\MySQLi\Connection->execute('SELECT `id`, `nom`, `email`, `mdp`
FROM `utilisateur`
WHERE `email` = \'admin@sysinfo.mg\'
 LIMIT 1')
 2 SYSTEMPATH/Database/BaseConnection.php(827): CodeIgniter\Database\BaseConnection->simpleQuery('SELECT `id`, `nom`, `email`, `mdp`
FROM `utilisateur`
WHERE `email` = \'admin@sysinfo.mg\'
 LIMIT 1')
 3 SYSTEMPATH/Database/BaseBuilder.php(1649): CodeIgniter\Database\BaseConnection->query('SELECT `id`, `nom`, `email`, `mdp`
FROM `utilisateur`
WHERE `email` = :email:
 LIMIT 1', [...], false)
 4 SYSTEMPATH/Model.php(295): CodeIgniter\Database\BaseBuilder->get()
 5 SYSTEMPATH/BaseModel.php(714): CodeIgniter\Model->doFirst()
 6 APPPATH/Models/UserModel.php(19): CodeIgniter\BaseModel->first()
 7 APPPATH/Models/UserModel.php(26): App\Models\UserModel->findByEmail('admin@sysinfo.mg')
 8 APPPATH/Controllers/LoginController.php(42): App\Models\UserModel->verifyCredentials('admin@sysinfo.mg', 'password')
 9 SYSTEMPATH/CodeIgniter.php(951): App\Controllers\LoginController->authenticate()
10 SYSTEMPATH/CodeIgniter.php(497): CodeIgniter\CodeIgniter->runController(Object(App\Controllers\LoginController))
11 SYSTEMPATH/CodeIgniter.php(340): CodeIgniter\CodeIgniter->handleRequest(null, Object(Config\Cache), false)
12 SYSTEMPATH/Boot.php(417): CodeIgniter\CodeIgniter->run()
13 SYSTEMPATH/Boot.php(68): CodeIgniter\Boot::runCodeIgniter(Object(CodeIgniter\CodeIgniter))
14 FCPATH/index.php(59): CodeIgniter\Boot::bootWeb(Object(Config\Paths))
15 SYSTEMPATH/rewrite.php(44): require_once('/opt/lampp/htdocs/ETU4135-ETU4139-ETU4290-Note_matiere/public/index.php')
CRITICAL - 2026-04-29 08:28:49 --> [Caused by] mysqli_sql_exception: No database selected
in SYSTEMPATH/Database/MySQLi/Connection.php on line 300.
 1 SYSTEMPATH/Database/MySQLi/Connection.php(300): mysqli->query('SELECT `id`, `nom`, `email`, `mdp`
FROM `utilisateur`
WHERE `email` = \'admin@sysinfo.mg\'
 LIMIT 1', 0)
 2 SYSTEMPATH/Database/BaseConnection.php(910): CodeIgniter\Database\MySQLi\Connection->execute('SELECT `id`, `nom`, `email`, `mdp`
FROM `utilisateur`
WHERE `email` = \'admin@sysinfo.mg\'
 LIMIT 1')
 3 SYSTEMPATH/Database/BaseConnection.php(827): CodeIgniter\Database\BaseConnection->simpleQuery('SELECT `id`, `nom`, `email`, `mdp`
FROM `utilisateur`
WHERE `email` = \'admin@sysinfo.mg\'
 LIMIT 1')
 4 SYSTEMPATH/Database/BaseBuilder.php(1649): CodeIgniter\Database\BaseConnection->query('SELECT `id`, `nom`, `email`, `mdp`
FROM `utilisateur`
WHERE `email` = :email:
 LIMIT 1', [...], false)
 5 SYSTEMPATH/Model.php(295): CodeIgniter\Database\BaseBuilder->get()
 6 SYSTEMPATH/BaseModel.php(714): CodeIgniter\Model->doFirst()
 7 APPPATH/Models/UserModel.php(19): CodeIgniter\BaseModel->first()
 8 APPPATH/Models/UserModel.php(26): App\Models\UserModel->findByEmail('admin@sysinfo.mg')
 9 APPPATH/Controllers/LoginController.php(42): App\Models\UserModel->verifyCredentials('admin@sysinfo.mg', 'password')
10 SYSTEMPATH/CodeIgniter.php(951): App\Controllers\LoginController->authenticate()
11 SYSTEMPATH/CodeIgniter.php(497): CodeIgniter\CodeIgniter->runController(Object(App\Controllers\LoginController))
12 SYSTEMPATH/CodeIgniter.php(340): CodeIgniter\CodeIgniter->handleRequest(null, Object(Config\Cache), false)
13 SYSTEMPATH/Boot.php(417): CodeIgniter\CodeIgniter->run()
14 SYSTEMPATH/Boot.php(68): CodeIgniter\Boot::runCodeIgniter(Object(CodeIgniter\CodeIgniter))
15 FCPATH/index.php(59): CodeIgniter\Boot::bootWeb(Object(Config\Paths))
16 SYSTEMPATH/rewrite.php(44): require_once('/opt/lampp/htdocs/ETU4135-ETU4139-ETU4290-Note_matiere/public/index.php')
ERROR - 2026-04-29 08:32:43 --> No database selected
in SYSTEMPATH/Database/MySQLi/Connection.php on line 300.
 1 SYSTEMPATH/Database/MySQLi/Connection.php(300): mysqli->query('SELECT `id`, `nom`, `email`, `mdp`
FROM `utilisateur`
WHERE `email` = \'admin@sysinfo.mg\'
 LIMIT 1', 0)
 2 SYSTEMPATH/Database/BaseConnection.php(910): CodeIgniter\Database\MySQLi\Connection->execute('SELECT `id`, `nom`, `email`, `mdp`
FROM `utilisateur`
WHERE `email` = \'admin@sysinfo.mg\'
 LIMIT 1')
 3 SYSTEMPATH/Database/BaseConnection.php(827): CodeIgniter\Database\BaseConnection->simpleQuery('SELECT `id`, `nom`, `email`, `mdp`
FROM `utilisateur`
WHERE `email` = \'admin@sysinfo.mg\'
 LIMIT 1')
 4 SYSTEMPATH/Database/BaseBuilder.php(1649): CodeIgniter\Database\BaseConnection->query('SELECT `id`, `nom`, `email`, `mdp`
FROM `utilisateur`
WHERE `email` = :email:
 LIMIT 1', [...], false)
 5 SYSTEMPATH/Model.php(295): CodeIgniter\Database\BaseBuilder->get()
 6 SYSTEMPATH/BaseModel.php(714): CodeIgniter\Model->doFirst()
 7 APPPATH/Models/UserModel.php(19): CodeIgniter\BaseModel->first()
 8 APPPATH/Models/UserModel.php(26): App\Models\UserModel->findByEmail('admin@sysinfo.mg')
 9 APPPATH/Controllers/LoginController.php(42): App\Models\UserModel->verifyCredentials('admin@sysinfo.mg', 'password')
10 SYSTEMPATH/CodeIgniter.php(951): App\Controllers\LoginController->authenticate()
11 SYSTEMPATH/CodeIgniter.php(497): CodeIgniter\CodeIgniter->runController(Object(App\Controllers\LoginController))
12 SYSTEMPATH/CodeIgniter.php(340): CodeIgniter\CodeIgniter->handleRequest(null, Object(Config\Cache), false)
13 SYSTEMPATH/Boot.php(417): CodeIgniter\CodeIgniter->run()
14 SYSTEMPATH/Boot.php(68): CodeIgniter\Boot::runCodeIgniter(Object(CodeIgniter\CodeIgniter))
15 FCPATH/index.php(59): CodeIgniter\Boot::bootWeb(Object(Config\Paths))
16 SYSTEMPATH/rewrite.php(44): require_once('/opt/lampp/htdocs/ETU4135-ETU4139-ETU4290-Note_matiere/public/index.php')
CRITICAL - 2026-04-29 08:32:43 --> CodeIgniter\Database\Exceptions\DatabaseException: No database selected
[Method: POST, Route: login/authenticate]
in SYSTEMPATH/Database/BaseConnection.php on line 865.
 1 SYSTEMPATH/Database/BaseBuilder.php(1649): CodeIgniter\Database\BaseConnection->query('SELECT `id`, `nom`, `email`, `mdp`
FROM `utilisateur`
WHERE `email` = :email:
 LIMIT 1', [...], false)
 2 SYSTEMPATH/Model.php(295): CodeIgniter\Database\BaseBuilder->get()
 3 SYSTEMPATH/BaseModel.php(714): CodeIgniter\Model->doFirst()
 4 APPPATH/Models/UserModel.php(19): CodeIgniter\BaseModel->first()
 5 APPPATH/Models/UserModel.php(26): App\Models\UserModel->findByEmail('admin@sysinfo.mg')
 6 APPPATH/Controllers/LoginController.php(42): App\Models\UserModel->verifyCredentials('admin@sysinfo.mg', 'password')
 7 SYSTEMPATH/CodeIgniter.php(951): App\Controllers\LoginController->authenticate()
 8 SYSTEMPATH/CodeIgniter.php(497): CodeIgniter\CodeIgniter->runController(Object(App\Controllers\LoginController))
 9 SYSTEMPATH/CodeIgniter.php(340): CodeIgniter\CodeIgniter->handleRequest(null, Object(Config\Cache), false)
10 SYSTEMPATH/Boot.php(417): CodeIgniter\CodeIgniter->run()
11 SYSTEMPATH/Boot.php(68): CodeIgniter\Boot::runCodeIgniter(Object(CodeIgniter\CodeIgniter))
12 FCPATH/index.php(59): CodeIgniter\Boot::bootWeb(Object(Config\Paths))
13 SYSTEMPATH/rewrite.php(44): require_once('/opt/lampp/htdocs/ETU4135-ETU4139-ETU4290-Note_matiere/public/index.php')
CRITICAL - 2026-04-29 08:32:43 --> [Caused by] CodeIgniter\Database\Exceptions\DatabaseException: No database selected
in SYSTEMPATH/Database/MySQLi/Connection.php on line 310.
 1 SYSTEMPATH/Database/BaseConnection.php(910): CodeIgniter\Database\MySQLi\Connection->execute('SELECT `id`, `nom`, `email`, `mdp`
FROM `utilisateur`
WHERE `email` = \'admin@sysinfo.mg\'
 LIMIT 1')
 2 SYSTEMPATH/Database/BaseConnection.php(827): CodeIgniter\Database\BaseConnection->simpleQuery('SELECT `id`, `nom`, `email`, `mdp`
FROM `utilisateur`
WHERE `email` = \'admin@sysinfo.mg\'
 LIMIT 1')
 3 SYSTEMPATH/Database/BaseBuilder.php(1649): CodeIgniter\Database\BaseConnection->query('SELECT `id`, `nom`, `email`, `mdp`
FROM `utilisateur`
WHERE `email` = :email:
 LIMIT 1', [...], false)
 4 SYSTEMPATH/Model.php(295): CodeIgniter\Database\BaseBuilder->get()
 5 SYSTEMPATH/BaseModel.php(714): CodeIgniter\Model->doFirst()
 6 APPPATH/Models/UserModel.php(19): CodeIgniter\BaseModel->first()
 7 APPPATH/Models/UserModel.php(26): App\Models\UserModel->findByEmail('admin@sysinfo.mg')
 8 APPPATH/Controllers/LoginController.php(42): App\Models\UserModel->verifyCredentials('admin@sysinfo.mg', 'password')
 9 SYSTEMPATH/CodeIgniter.php(951): App\Controllers\LoginController->authenticate()
10 SYSTEMPATH/CodeIgniter.php(497): CodeIgniter\CodeIgniter->runController(Object(App\Controllers\LoginController))
11 SYSTEMPATH/CodeIgniter.php(340): CodeIgniter\CodeIgniter->handleRequest(null, Object(Config\Cache), false)
12 SYSTEMPATH/Boot.php(417): CodeIgniter\CodeIgniter->run()
13 SYSTEMPATH/Boot.php(68): CodeIgniter\Boot::runCodeIgniter(Object(CodeIgniter\CodeIgniter))
14 FCPATH/index.php(59): CodeIgniter\Boot::bootWeb(Object(Config\Paths))
15 SYSTEMPATH/rewrite.php(44): require_once('/opt/lampp/htdocs/ETU4135-ETU4139-ETU4290-Note_matiere/public/index.php')
CRITICAL - 2026-04-29 08:32:43 --> [Caused by] mysqli_sql_exception: No database selected
in SYSTEMPATH/Database/MySQLi/Connection.php on line 300.
 1 SYSTEMPATH/Database/MySQLi/Connection.php(300): mysqli->query('SELECT `id`, `nom`, `email`, `mdp`
FROM `utilisateur`
WHERE `email` = \'admin@sysinfo.mg\'
 LIMIT 1', 0)
 2 SYSTEMPATH/Database/BaseConnection.php(910): CodeIgniter\Database\MySQLi\Connection->execute('SELECT `id`, `nom`, `email`, `mdp`
FROM `utilisateur`
WHERE `email` = \'admin@sysinfo.mg\'
 LIMIT 1')
 3 SYSTEMPATH/Database/BaseConnection.php(827): CodeIgniter\Database\BaseConnection->simpleQuery('SELECT `id`, `nom`, `email`, `mdp`
FROM `utilisateur`
WHERE `email` = \'admin@sysinfo.mg\'
 LIMIT 1')
 4 SYSTEMPATH/Database/BaseBuilder.php(1649): CodeIgniter\Database\BaseConnection->query('SELECT `id`, `nom`, `email`, `mdp`
FROM `utilisateur`
WHERE `email` = :email:
 LIMIT 1', [...], false)
 5 SYSTEMPATH/Model.php(295): CodeIgniter\Database\BaseBuilder->get()
 6 SYSTEMPATH/BaseModel.php(714): CodeIgniter\Model->doFirst()
 7 APPPATH/Models/UserModel.php(19): CodeIgniter\BaseModel->first()
 8 APPPATH/Models/UserModel.php(26): App\Models\UserModel->findByEmail('admin@sysinfo.mg')
 9 APPPATH/Controllers/LoginController.php(42): App\Models\UserModel->verifyCredentials('admin@sysinfo.mg', 'password')
10 SYSTEMPATH/CodeIgniter.php(951): App\Controllers\LoginController->authenticate()
11 SYSTEMPATH/CodeIgniter.php(497): CodeIgniter\CodeIgniter->runController(Object(App\Controllers\LoginController))
12 SYSTEMPATH/CodeIgniter.php(340): CodeIgniter\CodeIgniter->handleRequest(null, Object(Config\Cache), false)
13 SYSTEMPATH/Boot.php(417): CodeIgniter\CodeIgniter->run()
14 SYSTEMPATH/Boot.php(68): CodeIgniter\Boot::runCodeIgniter(Object(CodeIgniter\CodeIgniter))
15 FCPATH/index.php(59): CodeIgniter\Boot::bootWeb(Object(Config\Paths))
16 SYSTEMPATH/rewrite.php(44): require_once('/opt/lampp/htdocs/ETU4135-ETU4139-ETU4290-Note_matiere/public/index.php')
ERROR - 2026-04-29 08:32:43 --> No database selected
in SYSTEMPATH/Database/MySQLi/Connection.php on line 300.
 1 SYSTEMPATH/Database/MySQLi/Connection.php(300): mysqli->query('SELECT `id`, `nom`, `email`, `mdp`
FROM `utilisateur`
WHERE `email` = \'admin@sysinfo.mg\'
 LIMIT 1', 0)
 2 SYSTEMPATH/Database/BaseConnection.php(910): CodeIgniter\Database\MySQLi\Connection->execute('SELECT `id`, `nom`, `email`, `mdp`
FROM `utilisateur`
WHERE `email` = \'admin@sysinfo.mg\'
 LIMIT 1')
 3 SYSTEMPATH/Database/BaseConnection.php(827): CodeIgniter\Database\BaseConnection->simpleQuery('SELECT `id`, `nom`, `email`, `mdp`
FROM `utilisateur`
WHERE `email` = \'admin@sysinfo.mg\'
 LIMIT 1')
 4 SYSTEMPATH/Database/BaseBuilder.php(1649): CodeIgniter\Database\BaseConnection->query('SELECT `id`, `nom`, `email`, `mdp`
FROM `utilisateur`
WHERE `email` = :email:
 LIMIT 1', [...], false)
 5 SYSTEMPATH/Model.php(295): CodeIgniter\Database\BaseBuilder->get()
 6 SYSTEMPATH/BaseModel.php(714): CodeIgniter\Model->doFirst()
 7 APPPATH/Models/UserModel.php(19): CodeIgniter\BaseModel->first()
 8 APPPATH/Models/UserModel.php(26): App\Models\UserModel->findByEmail('admin@sysinfo.mg')
 9 APPPATH/Controllers/LoginController.php(42): App\Models\UserModel->verifyCredentials('admin@sysinfo.mg', 'password')
10 SYSTEMPATH/CodeIgniter.php(951): App\Controllers\LoginController->authenticate()
11 SYSTEMPATH/CodeIgniter.php(497): CodeIgniter\CodeIgniter->runController(Object(App\Controllers\LoginController))
12 SYSTEMPATH/CodeIgniter.php(340): CodeIgniter\CodeIgniter->handleRequest(null, Object(Config\Cache), false)
13 SYSTEMPATH/Boot.php(417): CodeIgniter\CodeIgniter->run()
14 SYSTEMPATH/Boot.php(68): CodeIgniter\Boot::runCodeIgniter(Object(CodeIgniter\CodeIgniter))
15 FCPATH/index.php(59): CodeIgniter\Boot::bootWeb(Object(Config\Paths))
16 SYSTEMPATH/rewrite.php(44): require_once('/opt/lampp/htdocs/ETU4135-ETU4139-ETU4290-Note_matiere/public/index.php')
CRITICAL - 2026-04-29 08:32:43 --> CodeIgniter\Database\Exceptions\DatabaseException: No database selected
[Method: POST, Route: login/authenticate]
in SYSTEMPATH/Database/BaseConnection.php on line 865.
 1 SYSTEMPATH/Database/BaseBuilder.php(1649): CodeIgniter\Database\BaseConnection->query('SELECT `id`, `nom`, `email`, `mdp`
FROM `utilisateur`
WHERE `email` = :email:
 LIMIT 1', [...], false)
 2 SYSTEMPATH/Model.php(295): CodeIgniter\Database\BaseBuilder->get()
 3 SYSTEMPATH/BaseModel.php(714): CodeIgniter\Model->doFirst()
 4 APPPATH/Models/UserModel.php(19): CodeIgniter\BaseModel->first()
 5 APPPATH/Models/UserModel.php(26): App\Models\UserModel->findByEmail('admin@sysinfo.mg')
 6 APPPATH/Controllers/LoginController.php(42): App\Models\UserModel->verifyCredentials('admin@sysinfo.mg', 'password')
 7 SYSTEMPATH/CodeIgniter.php(951): App\Controllers\LoginController->authenticate()
 8 SYSTEMPATH/CodeIgniter.php(497): CodeIgniter\CodeIgniter->runController(Object(App\Controllers\LoginController))
 9 SYSTEMPATH/CodeIgniter.php(340): CodeIgniter\CodeIgniter->handleRequest(null, Object(Config\Cache), false)
10 SYSTEMPATH/Boot.php(417): CodeIgniter\CodeIgniter->run()
11 SYSTEMPATH/Boot.php(68): CodeIgniter\Boot::runCodeIgniter(Object(CodeIgniter\CodeIgniter))
12 FCPATH/index.php(59): CodeIgniter\Boot::bootWeb(Object(Config\Paths))
13 SYSTEMPATH/rewrite.php(44): require_once('/opt/lampp/htdocs/ETU4135-ETU4139-ETU4290-Note_matiere/public/index.php')
CRITICAL - 2026-04-29 08:32:43 --> [Caused by] CodeIgniter\Database\Exceptions\DatabaseException: No database selected
in SYSTEMPATH/Database/MySQLi/Connection.php on line 310.
 1 SYSTEMPATH/Database/BaseConnection.php(910): CodeIgniter\Database\MySQLi\Connection->execute('SELECT `id`, `nom`, `email`, `mdp`
FROM `utilisateur`
WHERE `email` = \'admin@sysinfo.mg\'
 LIMIT 1')
 2 SYSTEMPATH/Database/BaseConnection.php(827): CodeIgniter\Database\BaseConnection->simpleQuery('SELECT `id`, `nom`, `email`, `mdp`
FROM `utilisateur`
WHERE `email` = \'admin@sysinfo.mg\'
 LIMIT 1')
 3 SYSTEMPATH/Database/BaseBuilder.php(1649): CodeIgniter\Database\BaseConnection->query('SELECT `id`, `nom`, `email`, `mdp`
FROM `utilisateur`
WHERE `email` = :email:
 LIMIT 1', [...], false)
 4 SYSTEMPATH/Model.php(295): CodeIgniter\Database\BaseBuilder->get()
 5 SYSTEMPATH/BaseModel.php(714): CodeIgniter\Model->doFirst()
 6 APPPATH/Models/UserModel.php(19): CodeIgniter\BaseModel->first()
 7 APPPATH/Models/UserModel.php(26): App\Models\UserModel->findByEmail('admin@sysinfo.mg')
 8 APPPATH/Controllers/LoginController.php(42): App\Models\UserModel->verifyCredentials('admin@sysinfo.mg', 'password')
 9 SYSTEMPATH/CodeIgniter.php(951): App\Controllers\LoginController->authenticate()
10 SYSTEMPATH/CodeIgniter.php(497): CodeIgniter\CodeIgniter->runController(Object(App\Controllers\LoginController))
11 SYSTEMPATH/CodeIgniter.php(340): CodeIgniter\CodeIgniter->handleRequest(null, Object(Config\Cache), false)
12 SYSTEMPATH/Boot.php(417): CodeIgniter\CodeIgniter->run()
13 SYSTEMPATH/Boot.php(68): CodeIgniter\Boot::runCodeIgniter(Object(CodeIgniter\CodeIgniter))
14 FCPATH/index.php(59): CodeIgniter\Boot::bootWeb(Object(Config\Paths))
15 SYSTEMPATH/rewrite.php(44): require_once('/opt/lampp/htdocs/ETU4135-ETU4139-ETU4290-Note_matiere/public/index.php')
CRITICAL - 2026-04-29 08:32:43 --> [Caused by] mysqli_sql_exception: No database selected
in SYSTEMPATH/Database/MySQLi/Connection.php on line 300.
 1 SYSTEMPATH/Database/MySQLi/Connection.php(300): mysqli->query('SELECT `id`, `nom`, `email`, `mdp`
FROM `utilisateur`
WHERE `email` = \'admin@sysinfo.mg\'
 LIMIT 1', 0)
 2 SYSTEMPATH/Database/BaseConnection.php(910): CodeIgniter\Database\MySQLi\Connection->execute('SELECT `id`, `nom`, `email`, `mdp`
FROM `utilisateur`
WHERE `email` = \'admin@sysinfo.mg\'
 LIMIT 1')
 3 SYSTEMPATH/Database/BaseConnection.php(827): CodeIgniter\Database\BaseConnection->simpleQuery('SELECT `id`, `nom`, `email`, `mdp`
FROM `utilisateur`
WHERE `email` = \'admin@sysinfo.mg\'
 LIMIT 1')
 4 SYSTEMPATH/Database/BaseBuilder.php(1649): CodeIgniter\Database\BaseConnection->query('SELECT `id`, `nom`, `email`, `mdp`
FROM `utilisateur`
WHERE `email` = :email:
 LIMIT 1', [...], false)
 5 SYSTEMPATH/Model.php(295): CodeIgniter\Database\BaseBuilder->get()
 6 SYSTEMPATH/BaseModel.php(714): CodeIgniter\Model->doFirst()
 7 APPPATH/Models/UserModel.php(19): CodeIgniter\BaseModel->first()
 8 APPPATH/Models/UserModel.php(26): App\Models\UserModel->findByEmail('admin@sysinfo.mg')
 9 APPPATH/Controllers/LoginController.php(42): App\Models\UserModel->verifyCredentials('admin@sysinfo.mg', 'password')
10 SYSTEMPATH/CodeIgniter.php(951): App\Controllers\LoginController->authenticate()
11 SYSTEMPATH/CodeIgniter.php(497): CodeIgniter\CodeIgniter->runController(Object(App\Controllers\LoginController))
12 SYSTEMPATH/CodeIgniter.php(340): CodeIgniter\CodeIgniter->handleRequest(null, Object(Config\Cache), false)
13 SYSTEMPATH/Boot.php(417): CodeIgniter\CodeIgniter->run()
14 SYSTEMPATH/Boot.php(68): CodeIgniter\Boot::runCodeIgniter(Object(CodeIgniter\CodeIgniter))
15 FCPATH/index.php(59): CodeIgniter\Boot::bootWeb(Object(Config\Paths))
16 SYSTEMPATH/rewrite.php(44): require_once('/opt/lampp/htdocs/ETU4135-ETU4139-ETU4290-Note_matiere/public/index.php')
